../Core/Src/main.c:112:5:main	8	static
../Core/Src/main.c:161:6:SystemClock_Config	88	static
../Core/Src/main.c:208:13:MX_ADC1_Init	56	static
../Core/Src/main.c:276:13:MX_DAC1_Init	56	static
../Core/Src/main.c:323:13:MX_LPUART1_UART_Init	8	static
../Core/Src/main.c:370:13:MX_GPIO_Init	48	static
../Core/Src/main.c:408:6:ADC_Read_blocking	16	static
../Core/Src/main.c:429:6:OutV_to_DAC	16	static
../Core/Src/main.c:439:6:DAC_Update	8	static
../Core/Src/main.c:455:6:Error_Handler	4	static,ignoring_inline_asm
