../Core/Src/main.c:101:5:main	8	static
../Core/Src/main.c:150:6:SystemClock_Config	88	static
../Core/Src/main.c:197:13:MX_ADC1_Init	56	static
../Core/Src/main.c:265:13:MX_DAC1_Init	56	static
../Core/Src/main.c:312:13:MX_LPUART1_UART_Init	8	static
../Core/Src/main.c:359:13:MX_GPIO_Init	48	static
../Core/Src/main.c:397:6:ADC_Read_blocking	8	static
../Core/Src/main.c:417:6:OutV_to_DAC	16	static
../Core/Src/main.c:427:6:DAC_Update	8	static
../Core/Src/main.c:443:6:Error_Handler	4	static,ignoring_inline_asm
